2025-10-01T17:44:12.702+0200    INFO    sip     sip/inbound.go:322      processing invite       {"nodeID": "NE_8oNA42Bqdjbp", "callID": "SCL_gU2Jb4VWW9Vd", "fromIP": "192.168.10.43", "toIP": "192.168.10.39:5080", "transport": "udp", "fromHost": "192.168.10.38", "fromUser": "tab", "toHost": "192.168.10.38", "toUser": "111", "sipTag": "3nXkobrLl", "sipCallID": "qEIYdnbhSj"}
2025-10-01T17:44:12.706+0200    DEBUG   sip     sip/inbound.go:831      SDP offer       {
  "nodeID": "NE_8oNA42Bqdjbp",
  "callID": "SCL_gU2Jb4VWW9Vd",
  "fromIP": "192.168.10.43",
  "toIP": "192.168.10.39:5080",
  "transport": "udp",
  "fromHost": "192.168.10.38",
  "fromUser": "tab",
  "toHost": "192.168.10.38",
  "toUser": "111",
  "sipTag": "3nXkobrLl",
  "sipCallID": "qEIYdnbhSj",
  "jitterBuf": false,
  "sipRule": "SDR_kwc9zVFyZfYU",
  "sdp": "v=0\r\no=tab 3912 1581 IN IP4 192.168.10.43\r\ns=Talk\r\nc=IN IP4 192.168.10.43\r\nt=0 0\r\na=rtcp-xr:rcvr-rtt=all:10000 stat-summary=loss,dup,jitt,TTL voip-metrics\r\na=group:BUNDLE as vs\r\na=record:off\r\nm=audio 43319 RTP/AVP 0 8 101\r\na=rtpmap:101 telephone-event/8000\r\na=rtcp-mux\r\na=mid:as\r\na=extmap:1 urn:ietf:params:rtp-hdrext:sdes:mid\r\na=rtcp:48700\r\na=rtcp-fb:* trr-int 1000\r\na=rtcp-fb:* ccm tmmbr\r\nm=video 53433 RTP/AVP 96 97\r\na=rtpmap:96 H264/90000\r\na=fmtp:96 profile-level-id=42801F\r\na=rtpmap:97 flexfec/90000\r\na=fmtp:97 repair-window=200000\r\na=rtcp-mux\r\na=mid:vs\r\na=extmap:1 urn:ietf:params:rtp-hdrext:sdes:mid\r\na=rtcp:54643\r\na=rtcp-fb:* trr-int 1000\r\na=rtcp-fb:* ccm tmmbr\r\na=rtcp-fb:96 nack pli\r\na=rtcp-fb:96 ccm fir\r\na=rtcp-fb:97 nack pli\r\na=rtcp-fb:97 nack sli\r\na=rtcp-fb:97 ack rpsi\r\na=rtcp-fb:97 ccm fir\r\n"
}
2025-10-01T17:44:12.706+0200    DEBUG   sip     sip/media_port.go:202   listening for media on UDP      {"nodeID": "NE_8oNA42Bqdjbp", "callID": "SCL_gU2Jb4VWW9Vd", "fromIP": "192.168.10.43", "toIP": "192.168.10.39:5080", "transport": "udp", "fromHost": "192.168.10.38", "fromUser": "tab", "toHost": "192.168.10.38", "toUser": "111", "sipTag": "3nXkobrLl", "sipCallID": "qEIYdnbhSj", "jitterBuf": false, "sipRule": "SDR_kwc9zVFyZfYU", "port": 12245}
2025/10/01 17:44:12 WARN unknown codec type type=101
2025/10/01 17:44:12 INFO found codec name=H264/90000 type=96 isVideo=true
2025/10/01 17:44:12 WARN unknown codec name=flexfec/90000
2025/10/01 17:44:12 WARN unknown codec type type=96
2025/10/01 17:44:12 WARN unknown codec type type=97
2025/10/01 17:44:12 INFO TEST parsed offer offer="&{SDP:{Version:0 Origin:tab 3912 1581 IN IP4 192.168.10.43 SessionName:Talk SessionInformation:<nil> URI:<nil> EmailAddress:<nil> PhoneNumber:<nil> ConnectionInformation:IN IP4 192.168.10.43 Bandwidth:[] TimeDescriptions:[{Timing:0 0 RepeatTimes:[]}] TimeZones:[] EncryptionKey:<nil> Attributes:[rtcp-xr:rcvr-rtt=all:10000 stat-summary=loss,dup,jitt,TTL voip-metrics group:BUNDLE as vs record:off] MediaDescriptions:[0xc0009de1e0 0xc0009de320]} Addr:192.168.10.43:43319 Tracks:[{Codecs:[{Type:96 Codec:0xc0000c6720}] DTMFType:0 CryptoProfiles:[] IsVideo:true}] MediaDesc:{Codecs:[{Type:0 Codec:0xc0000c6660} {Type:8 Codec:0xc0000c6600}] DTMFType:101 CryptoProfiles:[] IsVideo:false}}"
2025-10-01T17:44:12.706+0200    DEBUG   sip     sip/inbound.go:866      SDP answer      {
  "nodeID": "NE_8oNA42Bqdjbp",
  "callID": "SCL_gU2Jb4VWW9Vd",
  "fromIP": "192.168.10.43",
  "toIP": "192.168.10.39:5080",
  "transport": "udp",
  "fromHost": "192.168.10.38",
  "fromUser": "tab",
  "toHost": "192.168.10.38",
  "toUser": "111",
  "sipTag": "3nXkobrLl",
  "sipCallID": "qEIYdnbhSj",
  "jitterBuf": false,
  "sipRule": "SDR_kwc9zVFyZfYU",
  "sdp": "v=0o=- 3912 3914 IN IP4 192.168.10.39s=LiveKitc=IN IP4 192.168.10.39t=0 0a=group:BUNDLE as vsm=audio 12245 RTP/AVP 0 101a=rtpmap:0 PCMU/8000a=rtpmap:101 telephone-event/8000a=fmtp:101 0-16a=ptime:20a=sendrecva=mid:asm=video 12245 RTP/AVP 96a=rtpmap:96 H264/90000a=sendrecva=mid:vs"
}
2025-10-01T17:44:12.706+0200    INFO    sip     sip/media_port.go:501   using codecs    {"nodeID": "NE_8oNA42Bqdjbp", "callID": "SCL_gU2Jb4VWW9Vd", "fromIP": "192.168.10.43", "toIP": "192.168.10.39:5080", "transport": "udp", "fromHost": "192.168.10.38", "fromUser": "tab", "toHost": "192.168.10.38", "toUser": "111", "sipTag": "3nXkobrLl", "sipCallID": "qEIYdnbhSj", "jitterBuf": false, "sipRule": "SDR_kwc9zVFyZfYU", "audio-codec": "PCMU/8000", "audio-rtp": 0, "dtmf-rtp": 101, "srtp": ""}
2025-10-01T17:44:12.706+0200    INFO    sip     sip/media_port.go:112   setting media destination       {"nodeID": "NE_8oNA42Bqdjbp", "callID": "SCL_gU2Jb4VWW9Vd", "fromIP": "192.168.10.43", "toIP": "192.168.10.39:5080", "transport": "udp", "fromHost": "192.168.10.38", "fromUser": "tab", "toHost": "192.168.10.38", "toUser": "111", "sipTag": "3nXkobrLl", "sipCallID": "qEIYdnbhSj", "jitterBuf": false, "sipRule": "SDR_kwc9zVFyZfYU", "addr": "192.168.10.43:43319"}
2025-10-01T17:44:12.706+0200    INFO    sip     sip/inbound.go:1162     Joining room    {"nodeID": "NE_8oNA42Bqdjbp", "callID": "SCL_gU2Jb4VWW9Vd", "fromIP": "192.168.10.43", "toIP": "192.168.10.39:5080", "transport": "udp", "fromHost": "192.168.10.38", "fromUser": "tab", "toHost": "192.168.10.38", "toUser": "111", "sipTag": "3nXkobrLl", "sipCallID": "qEIYdnbhSj", "jitterBuf": false, "sipRule": "SDR_kwc9zVFyZfYU", "room": "my-room", "participant": "sip_tab", "participantName": "Phone tab"}
2025-10-01T17:44:12.709+0200    DEBUG   sip     v2@v2.11.1/engine.go:1348       received leave request  {"nodeID": "NE_8oNA42Bqdjbp", "callID": "SCL_quweNj99iKJQ", "fromIP": "192.168.10.38", "toIP": "192.168.10.38:5060", "transport": "udp", "fromHost": "192.168.10.38", "fromUser": "tab", "toHost": "192.168.10.38", "toUser": "111", "sipTag": "3nXkobrLl", "sipCallID": "qEIYdnbhSj", "action": "DISCONNECT"}
2025-10-01T17:44:12.709+0200    INFO    sip     v2@v2.11.1/engine.go:1353       server initiated leave  {"nodeID": "NE_8oNA42Bqdjbp", "callID": "SCL_quweNj99iKJQ", "fromIP": "192.168.10.38", "toIP": "192.168.10.38:5060", "transport": "udp", "fromHost": "192.168.10.38", "fromUser": "tab", "toHost": "192.168.10.38", "toUser": "111", "sipTag": "3nXkobrLl", "sipCallID": "qEIYdnbhSj", "reason": "DUPLICATE_IDENTITY"}
2025-10-01T17:44:12.709+0200    INFO    sip     sip/inbound.go:1030     Closing inbound call    {"nodeID": "NE_8oNA42Bqdjbp", "callID": "SCL_quweNj99iKJQ", "fromIP": "192.168.10.38", "toIP": "192.168.10.38:5060", "transport": "udp", "fromHost": "192.168.10.38", "fromUser": "tab", "toHost": "192.168.10.38", "toUser": "111", "sipTag": "3nXkobrLl", "sipCallID": "qEIYdnbhSj", "jitterBuf": false, "sipRule": "SDR_kwc9zVFyZfYU", "room": "my-room", "participant": "sip_tab", "participantName": "Phone tab", "status": 486, "reason": "removed"}
2025-10-01T17:44:12.709+0200    INFO    sip     sip/media_port.go:125   changing media source   {"nodeID": "NE_8oNA42Bqdjbp", "callID": "SCL_quweNj99iKJQ", "fromIP": "192.168.10.38", "toIP": "192.168.10.38:5060", "transport": "udp", "fromHost": "192.168.10.38", "fromUser": "tab", "toHost": "192.168.10.38", "toUser": "111", "sipTag": "3nXkobrLl", "sipCallID": "qEIYdnbhSj", "jitterBuf": false, "sipRule": "SDR_kwc9zVFyZfYU", "addr": "invalid AddrPort"}
2025-10-01T17:44:12.710+0200    DEBUG   sip     signalling/signaltransport_websocket.go:241     first message received  {"nodeID": "NE_8oNA42Bqdjbp", "callID": "SCL_gU2Jb4VWW9Vd", "fromIP": "192.168.10.43", "toIP": "192.168.10.39:5080", "transport": "udp", "fromHost": "192.168.10.38", "fromUser": "tab", "toHost": "192.168.10.38", "toUser": "111", "sipTag": "3nXkobrLl", "sipCallID": "qEIYdnbhSj", "elapsed": "3.656249ms"}
2025-10-01T17:44:12.710+0200    DEBUG   sip     v2@v2.11.1/engine.go:334        Using ICE servers       {"nodeID": "NE_8oNA42Bqdjbp", "callID": "SCL_gU2Jb4VWW9Vd", "fromIP": "192.168.10.43", "toIP": "192.168.10.39:5080", "transport": "udp", "fromHost": "192.168.10.38", "fromUser": "tab", "toHost": "192.168.10.38", "toUser": "111", "sipTag": "3nXkobrLl", "sipCallID": "qEIYdnbhSj", "servers": [{"urls":["stun:global.stun.twilio.com:3478","stun:stun.l.google.com:19302","stun:stun1.l.google.com:19302"]}]}
2025-10-01T17:44:12.711+0200    DEBUG   sip     v2@v2.11.1/engine.go:1277       received offer for subscriber   {"nodeID": "NE_8oNA42Bqdjbp", "callID": "SCL_gU2Jb4VWW9Vd", "fromIP": "192.168.10.43", "toIP": "192.168.10.39:5080", "transport": "udp", "fromHost": "192.168.10.38", "fromUser": "tab", "toHost": "192.168.10.38", "toUser": "111", "sipTag": "3nXkobrLl", "sipCallID": "qEIYdnbhSj"}
2025-10-01T17:44:12.712+0200    DEBUG   sip     v2@v2.11.1/engine.go:1291       remote ICE candidate    {"nodeID": "NE_8oNA42Bqdjbp", "callID": "SCL_gU2Jb4VWW9Vd", "fromIP": "192.168.10.43", "toIP": "192.168.10.39:5080", "transport": "udp", "fromHost": "192.168.10.38", "fromUser": "tab", "toHost": "192.168.10.38", "toUser": "111", "sipTag": "3nXkobrLl", "sipCallID": "qEIYdnbhSj", "target": "SUBSCRIBER", "candidate": "candidate:448245242 1 udp 2130706431 172.18.0.4 7882 typ host ufrag xqJwQvXciIWRbpNr"}
2025-10-01T17:44:12.712+0200    DEBUG   sip     v2@v2.11.1/engine.go:465        local ICE candidate     {"nodeID": "NE_8oNA42Bqdjbp", "callID": "SCL_gU2Jb4VWW9Vd", "fromIP": "192.168.10.43", "toIP": "192.168.10.39:5080", "transport": "udp", "fromHost": "192.168.10.38", "fromUser": "tab", "toHost": "192.168.10.38", "toUser": "111", "sipTag": "3nXkobrLl", "sipCallID": "qEIYdnbhSj", "transport": "SUBSCRIBER", "candidate": "candidate:1331543140 1 udp 2130706431 192.168.10.39 47837 typ host ufrag GBhjJhEyoiSDXOrj"}
2025-10-01T17:44:12.712+0200    DEBUG   sip     v2@v2.11.1/engine.go:465        local ICE candidate     {"nodeID": "NE_8oNA42Bqdjbp", "callID": "SCL_gU2Jb4VWW9Vd", "fromIP": "192.168.10.43", "toIP": "192.168.10.39:5080", "transport": "udp", "fromHost": "192.168.10.38", "fromUser": "tab", "toHost": "192.168.10.38", "toUser": "111", "sipTag": "3nXkobrLl", "sipCallID": "qEIYdnbhSj", "transport": "SUBSCRIBER", "candidate": "candidate:1916638676 1 udp 2130706431 192.168.10.38 34331 typ host ufrag GBhjJhEyoiSDXOrj"}
2025-10-01T17:44:12.712+0200    DEBUG   sip     v2@v2.11.1/engine.go:465        local ICE candidate     {"nodeID": "NE_8oNA42Bqdjbp", "callID": "SCL_gU2Jb4VWW9Vd", "fromIP": "192.168.10.43", "toIP": "192.168.10.39:5080", "transport": "udp", "fromHost": "192.168.10.38", "fromUser": "tab", "toHost": "192.168.10.38", "toUser": "111", "sipTag": "3nXkobrLl", "sipCallID": "qEIYdnbhSj", "transport": "SUBSCRIBER", "candidate": "candidate:3528925834 1 udp 2130706431 172.18.0.1 33160 typ host ufrag GBhjJhEyoiSDXOrj"}
2025-10-01T17:44:12.712+0200    DEBUG   sip     v2@v2.11.1/engine.go:465        local ICE candidate     {"nodeID": "NE_8oNA42Bqdjbp", "callID": "SCL_gU2Jb4VWW9Vd", "fromIP": "192.168.10.43", "toIP": "192.168.10.39:5080", "transport": "udp", "fromHost": "192.168.10.38", "fromUser": "tab", "toHost": "192.168.10.38", "toUser": "111", "sipTag": "3nXkobrLl", "sipCallID": "qEIYdnbhSj", "transport": "SUBSCRIBER", "candidate": "candidate:233762139 1 udp 2130706431 172.17.0.1 54351 typ host ufrag GBhjJhEyoiSDXOrj"}
2025-10-01T17:44:12.732+0200    DEBUG   sip     v2@v2.11.1/transport.go:433     starting to negotiate   {"nodeID": "NE_8oNA42Bqdjbp", "callID": "SCL_gU2Jb4VWW9Vd", "fromIP": "192.168.10.43", "toIP": "192.168.10.39:5080", "transport": "udp", "fromHost": "192.168.10.38", "fromUser": "tab", "toHost": "192.168.10.38", "toUser": "111", "sipTag": "3nXkobrLl", "sipCallID": "qEIYdnbhSj", "transport": "PUBLISHER"}
2025-10-01T17:44:12.733+0200    DEBUG   sip     v2@v2.11.1/transport.go:435     create offer    {"nodeID": "NE_8oNA42Bqdjbp", "callID": "SCL_gU2Jb4VWW9Vd", "fromIP": "192.168.10.43", "toIP": "192.168.10.39:5080", "transport": "udp", "fromHost": "192.168.10.38", "fromUser": "tab", "toHost": "192.168.10.38", "toUser": "111", "sipTag": "3nXkobrLl", "sipCallID": "qEIYdnbhSj", "transport": "PUBLISHER", "offer": "v=0\r\no=- 2659646516559107753 1759333452 IN IP4 0.0.0.0\r\ns=-\r\nt=0 0\r\na=msid-semantic:WMS *\r\na=fingerprint:sha-256 79:11:B9:C9:3A:56:DF:97:19:7C:D5:53:E1:B1:98:EA:39:6C:F2:C1:C5:98:92:9C:CC:26:7E:52:CC:79:E4:1E\r\na=extmap-allow-mixed\r\na=group:BUNDLE 0\r\nm=application 9 UDP/DTLS/SCTP webrtc-datachannel\r\nc=IN IP4 0.0.0.0\r\na=setup:actpass\r\na=mid:0\r\na=sendrecv\r\na=sctp-port:5000\r\na=max-message-size:1073741823\r\na=ice-ufrag:mzOJXNAhPNnlrici\r\na=ice-pwd:mzvUyzAvCQtLmPSxOvoOLmqHxNRQuCJf\r\n"}
2025-10-01T17:44:12.733+0200    DEBUG   sip     v2@v2.11.1/engine.go:388        local ICE candidate     {"nodeID": "NE_8oNA42Bqdjbp", "callID": "SCL_gU2Jb4VWW9Vd", "fromIP": "192.168.10.43", "toIP": "192.168.10.39:5080", "transport": "udp", "fromHost": "192.168.10.38", "fromUser": "tab", "toHost": "192.168.10.38", "toUser": "111", "sipTag": "3nXkobrLl", "sipCallID": "qEIYdnbhSj", "transport": "PUBLISHER", "candidate": "candidate:1331543140 1 udp 2130706431 192.168.10.39 35608 typ host ufrag mzOJXNAhPNnlrici"}
2025-10-01T17:44:12.733+0200    DEBUG   sip     v2@v2.11.1/engine.go:388        local ICE candidate     {"nodeID": "NE_8oNA42Bqdjbp", "callID": "SCL_gU2Jb4VWW9Vd", "fromIP": "192.168.10.43", "toIP": "192.168.10.39:5080", "transport": "udp", "fromHost": "192.168.10.38", "fromUser": "tab", "toHost": "192.168.10.38", "toUser": "111", "sipTag": "3nXkobrLl", "sipCallID": "qEIYdnbhSj", "transport": "PUBLISHER", "candidate": "candidate:1916638676 1 udp 2130706431 192.168.10.38 56048 typ host ufrag mzOJXNAhPNnlrici"}
2025-10-01T17:44:12.733+0200    DEBUG   sip     v2@v2.11.1/engine.go:388        local ICE candidate     {"nodeID": "NE_8oNA42Bqdjbp", "callID": "SCL_gU2Jb4VWW9Vd", "fromIP": "192.168.10.43", "toIP": "192.168.10.39:5080", "transport": "udp", "fromHost": "192.168.10.38", "fromUser": "tab", "toHost": "192.168.10.38", "toUser": "111", "sipTag": "3nXkobrLl", "sipCallID": "qEIYdnbhSj", "transport": "PUBLISHER", "candidate": "candidate:3528925834 1 udp 2130706431 172.18.0.1 36074 typ host ufrag mzOJXNAhPNnlrici"}
2025-10-01T17:44:12.734+0200    DEBUG   sip     v2@v2.11.1/engine.go:388        local ICE candidate     {"nodeID": "NE_8oNA42Bqdjbp", "callID": "SCL_gU2Jb4VWW9Vd", "fromIP": "192.168.10.43", "toIP": "192.168.10.39:5080", "transport": "udp", "fromHost": "192.168.10.38", "fromUser": "tab", "toHost": "192.168.10.38", "toUser": "111", "sipTag": "3nXkobrLl", "sipCallID": "qEIYdnbhSj", "transport": "PUBLISHER", "candidate": "candidate:233762139 1 udp 2130706431 172.17.0.1 53450 typ host ufrag mzOJXNAhPNnlrici"}
2025-10-01T17:44:12.734+0200    DEBUG   sip     v2@v2.11.1/engine.go:1267       successfully set publisher answer       {"nodeID": "NE_8oNA42Bqdjbp", "callID": "SCL_gU2Jb4VWW9Vd", "fromIP": "192.168.10.43", "toIP": "192.168.10.39:5080", "transport": "udp", "fromHost": "192.168.10.38", "fromUser": "tab", "toHost": "192.168.10.38", "toUser": "111", "sipTag": "3nXkobrLl", "sipCallID": "qEIYdnbhSj"}
2025-10-01T17:44:12.735+0200    DEBUG   sip     v2@v2.11.1/engine.go:1291       remote ICE candidate    {"nodeID": "NE_8oNA42Bqdjbp", "callID": "SCL_gU2Jb4VWW9Vd", "fromIP": "192.168.10.43", "toIP": "192.168.10.39:5080", "transport": "udp", "fromHost": "192.168.10.38", "fromUser": "tab", "toHost": "192.168.10.38", "toUser": "111", "sipTag": "3nXkobrLl", "sipCallID": "qEIYdnbhSj", "target": "PUBLISHER", "candidate": "candidate:448245242 1 udp 2130706431 172.18.0.4 7882 typ host ufrag aggzMGepMFXcSiOS"}
2025-10-01T17:44:12.736+0200    DEBUG   sip     v2@v2.11.1/engine.go:517        ICE connected   {"nodeID": "NE_8oNA42Bqdjbp", "callID": "SCL_gU2Jb4VWW9Vd", "fromIP": "192.168.10.43", "toIP": "192.168.10.39:5080", "transport": "udp", "fromHost": "192.168.10.38", "fromUser": "tab", "toHost": "192.168.10.38", "toUser": "111", "sipTag": "3nXkobrLl", "sipCallID": "qEIYdnbhSj", "transport": "SUBSCRIBER", "iceCandidatePair": "(local) udp4 host 172.17.0.1:54351 (resolved: 172.17.0.1:54351) <-> (remote) udp4 prflx 172.18.0.4:25029 related :0 (resolved: 172.18.0.4:25029)"}
2025-10-01T17:44:12.737+0200    DEBUG   sip     v2@v2.11.1/engine.go:1291       remote ICE candidate    {"nodeID": "NE_8oNA42Bqdjbp", "callID": "SCL_gU2Jb4VWW9Vd", "fromIP": "192.168.10.43", "toIP": "192.168.10.39:5080", "transport": "udp", "fromHost": "192.168.10.38", "fromUser": "tab", "toHost": "192.168.10.38", "toUser": "111", "sipTag": "3nXkobrLl", "sipCallID": "qEIYdnbhSj", "target": "SUBSCRIBER", "candidate": "candidate:2806307866 1 tcp 1671430143 172.18.0.4 7881 typ host tcptype passive ufrag xqJwQvXciIWRbpNr"}
2025-10-01T17:44:12.737+0200    DEBUG   sip     v2@v2.11.1/engine.go:1291       remote ICE candidate    {"nodeID": "NE_8oNA42Bqdjbp", "callID": "SCL_gU2Jb4VWW9Vd", "fromIP": "192.168.10.43", "toIP": "192.168.10.39:5080", "transport": "udp", "fromHost": "192.168.10.38", "fromUser": "tab", "toHost": "192.168.10.38", "toUser": "111", "sipTag": "3nXkobrLl", "sipCallID": "qEIYdnbhSj", "target": "SUBSCRIBER", "candidate": "candidate:1950595304 1 udp 1694498815 86.204.171.36 50819 typ srflx raddr 0.0.0.0 rport 50819 ufrag xqJwQvXciIWRbpNr"}
2025-10-01T17:44:12.739+0200    DEBUG   sip     v2@v2.11.1/engine.go:465        local ICE candidate     {"nodeID": "NE_8oNA42Bqdjbp", "callID": "SCL_gU2Jb4VWW9Vd", "fromIP": "192.168.10.43", "toIP": "192.168.10.39:5080", "transport": "udp", "fromHost": "192.168.10.38", "fromUser": "tab", "toHost": "192.168.10.38", "toUser": "111", "sipTag": "3nXkobrLl", "sipCallID": "qEIYdnbhSj", "transport": "SUBSCRIBER", "candidate": "candidate:1950595304 1 udp 1694498815 86.204.171.36 35060 typ srflx raddr 0.0.0.0 rport 35060 ufrag GBhjJhEyoiSDXOrj"}
2025-10-01T17:44:12.711+0200    DEBUG   sip     sip/room.go:209 skipping track publish event - subscribed flag not set  {"nodeID": "NE_8oNA42Bqdjbp", "callID": "SCL_gU2Jb4VWW9Vd", "fromIP": "192.168.10.43", "toIP": "192.168.10.39:5080", "transport": "udp", "fromHost": "192.168.10.38", "fromUser": "tab", "toHost": "192.168.10.38", "toUser": "111", "sipTag": "3nXkobrLl", "sipCallID": "qEIYdnbhSj", "participant": "max__60oo", "pID": "PA_7qwD7syNWsz6", "trackID": "TR_VCrk4ZCinL3XAt", "trackName": "", "room": "my-room", "roomID": "RM_BXtbtdMJ3Cps"}
2025-10-01T17:44:12.711+0200    DEBUG   sip     sip/room.go:209 skipping track publish event - subscribed flag not set  {"nodeID": "NE_8oNA42Bqdjbp", "callID": "SCL_gU2Jb4VWW9Vd", "fromIP": "192.168.10.43", "toIP": "192.168.10.39:5080", "transport": "udp", "fromHost": "192.168.10.38", "fromUser": "tab", "toHost": "192.168.10.38", "toUser": "111", "sipTag": "3nXkobrLl", "sipCallID": "qEIYdnbhSj", "participant": "max__60oo", "pID": "PA_7qwD7syNWsz6", "trackID": "TR_AMfVNu73JUP4X6", "trackName": "", "room": "my-room", "roomID": "RM_BXtbtdMJ3Cps"}
2025-10-01T17:44:12.743+0200    INFO    sip     v2@v2.11.1/localparticipant.go:138      published track {"nodeID": "NE_8oNA42Bqdjbp", "callID": "SCL_gU2Jb4VWW9Vd", "fromIP": "192.168.10.43", "toIP": "192.168.10.39:5080", "transport": "udp", "fromHost": "192.168.10.38", "fromUser": "tab", "toHost": "192.168.10.38", "toUser": "111", "sipTag": "3nXkobrLl", "sipCallID": "qEIYdnbhSj", "name": "sip_tab", "source": "MICROPHONE", "trackID": "TR_AMgxRFEiToLwCG"}
2025-10-01T17:44:12.743+0200    DEBUG   sip     sip/room.go:301 subscribing to existing room participants       {"nodeID": "NE_8oNA42Bqdjbp", "callID": "SCL_gU2Jb4VWW9Vd", "fromIP": "192.168.10.43", "toIP": "192.168.10.39:5080", "transport": "udp", "fromHost": "192.168.10.38", "fromUser": "tab", "toHost": "192.168.10.38", "toUser": "111", "sipTag": "3nXkobrLl", "sipCallID": "qEIYdnbhSj", "participants": 1}
2025-10-01T17:44:12.743+0200    DEBUG   sip     sip/room.go:153 participant joined      {"nodeID": "NE_8oNA42Bqdjbp", "callID": "SCL_gU2Jb4VWW9Vd", "fromIP": "192.168.10.43", "toIP": "192.168.10.39:5080", "transport": "udp", "fromHost": "192.168.10.38", "fromUser": "tab", "toHost": "192.168.10.38", "toUser": "111", "sipTag": "3nXkobrLl", "sipCallID": "qEIYdnbhSj", "participant": "max__60oo", "pID": "PA_7qwD7syNWsz6", "room": "my-room", "roomID": "RM_BXtbtdMJ3Cps"}
2025-10-01T17:44:12.743+0200    DEBUG   sip     sip/room.go:175 subscribing to a track  {"nodeID": "NE_8oNA42Bqdjbp", "callID": "SCL_gU2Jb4VWW9Vd", "fromIP": "192.168.10.43", "toIP": "192.168.10.39:5080", "transport": "udp", "fromHost": "192.168.10.38", "fromUser": "tab", "toHost": "192.168.10.38", "toUser": "111", "sipTag": "3nXkobrLl", "sipCallID": "qEIYdnbhSj", "participant": "max__60oo", "pID": "PA_7qwD7syNWsz6", "trackID": "TR_VCrk4ZCinL3XAt", "trackName": "", "kind": "video", "room": "my-room", "roomID": "RM_BXtbtdMJ3Cps"}
2025-10-01T17:44:12.743+0200    DEBUG   sip     sip/room.go:175 subscribing to a track  {"nodeID": "NE_8oNA42Bqdjbp", "callID": "SCL_gU2Jb4VWW9Vd", "fromIP": "192.168.10.43", "toIP": "192.168.10.39:5080", "transport": "udp", "fromHost": "192.168.10.38", "fromUser": "tab", "toHost": "192.168.10.38", "toUser": "111", "sipTag": "3nXkobrLl", "sipCallID": "qEIYdnbhSj", "participant": "max__60oo", "pID": "PA_7qwD7syNWsz6", "trackID": "TR_AMfVNu73JUP4X6", "trackName": "", "kind": "audio", "room": "my-room", "roomID": "RM_BXtbtdMJ3Cps"}
2025-10-01T17:44:12.743+0200    INFO    sip     sip/inbound.go:768      Waiting for track subscription(s)       {"nodeID": "NE_8oNA42Bqdjbp", "callID": "SCL_gU2Jb4VWW9Vd", "fromIP": "192.168.10.43", "toIP": "192.168.10.39:5080", "transport": "udp", "fromHost": "192.168.10.38", "fromUser": "tab", "toHost": "192.168.10.38", "toUser": "111", "sipTag": "3nXkobrLl", "sipCallID": "qEIYdnbhSj", "jitterBuf": false, "sipRule": "SDR_kwc9zVFyZfYU", "room": "my-room", "participant": "sip_tab", "participantName": "Phone tab"}
2025-10-01T17:44:12.743+0200    INFO    sip     sip/inbound.go:691      Accepting the call      {"nodeID": "NE_8oNA42Bqdjbp", "callID": "SCL_gU2Jb4VWW9Vd", "fromIP": "192.168.10.43", "toIP": "192.168.10.39:5080", "transport": "udp", "fromHost": "192.168.10.38", "fromUser": "tab", "toHost": "192.168.10.38", "toUser": "111", "sipTag": "3nXkobrLl", "sipCallID": "qEIYdnbhSj", "jitterBuf": false, "sipRule": "SDR_kwc9zVFyZfYU", "room": "my-room", "participant": "sip_tab", "participantName": "Phone tab", "headers": null}
2025-10-01T17:44:12.745+0200    DEBUG   sip     v2@v2.11.1/engine.go:465        local ICE candidate     {"nodeID": "NE_8oNA42Bqdjbp", "callID": "SCL_gU2Jb4VWW9Vd", "fromIP": "192.168.10.43", "toIP": "192.168.10.39:5080", "transport": "udp", "fromHost": "192.168.10.38", "fromUser": "tab", "toHost": "192.168.10.38", "toUser": "111", "sipTag": "3nXkobrLl", "sipCallID": "qEIYdnbhSj", "transport": "SUBSCRIBER", "candidate": "candidate:1950595304 1 udp 1694498815 86.204.171.36 38487 typ srflx raddr 0.0.0.0 rport 38487 ufrag GBhjJhEyoiSDXOrj"}
2025-10-01T17:44:12.746+0200    DEBUG   sip     v2@v2.11.1/engine.go:1291       remote ICE candidate    {"nodeID": "NE_8oNA42Bqdjbp", "callID": "SCL_gU2Jb4VWW9Vd", "fromIP": "192.168.10.43", "toIP": "192.168.10.39:5080", "transport": "udp", "fromHost": "192.168.10.38", "fromUser": "tab", "toHost": "192.168.10.38", "toUser": "111", "sipTag": "3nXkobrLl", "sipCallID": "qEIYdnbhSj", "target": "SUBSCRIBER", "candidate": "candidate:1950595304 1 udp 1694498815 86.204.171.36 52275 typ srflx raddr 0.0.0.0 rport 52275 ufrag xqJwQvXciIWRbpNr"}
2025-10-01T17:44:12.748+0200    DEBUG   sip     v2@v2.11.1/engine.go:465        local ICE candidate     {"nodeID": "NE_8oNA42Bqdjbp", "callID": "SCL_gU2Jb4VWW9Vd", "fromIP": "192.168.10.43", "toIP": "192.168.10.39:5080", "transport": "udp", "fromHost": "192.168.10.38", "fromUser": "tab", "toHost": "192.168.10.38", "toUser": "111", "sipTag": "3nXkobrLl", "sipCallID": "qEIYdnbhSj", "transport": "SUBSCRIBER", "candidate": "candidate:1950595304 1 udp 1694498815 86.204.171.36 58905 typ srflx raddr 0.0.0.0 rport 58905 ufrag GBhjJhEyoiSDXOrj"}
2025-10-01T17:44:12.750+0200    DEBUG   sip     v2@v2.11.1/engine.go:1291       remote ICE candidate    {"nodeID": "NE_8oNA42Bqdjbp", "callID": "SCL_gU2Jb4VWW9Vd", "fromIP": "192.168.10.43", "toIP": "192.168.10.39:5080", "transport": "udp", "fromHost": "192.168.10.38", "fromUser": "tab", "toHost": "192.168.10.38", "toUser": "111", "sipTag": "3nXkobrLl", "sipCallID": "qEIYdnbhSj", "target": "SUBSCRIBER", "candidate": "candidate:1950595304 1 udp 1694498815 86.204.171.36 53630 typ srflx raddr 0.0.0.0 rport 53630 ufrag xqJwQvXciIWRbpNr"}
2025-10-01T17:44:12.754+0200    DEBUG   Client transaction destroyed    {"nodeID": "NE_8oNA42Bqdjbp", "caller": "transaction.Layer", "tx": "z9hG4bK.iE9SFHJUdOc1YZwh__BYE"}
2025-10-01T17:44:12.754+0200    INFO    sip     sip/inbound.go:1058     Inbound call closed     {"nodeID": "NE_8oNA42Bqdjbp", "callID": "SCL_quweNj99iKJQ", "fromIP": "192.168.10.38", "toIP": "192.168.10.38:5060", "transport": "udp", "fromHost": "192.168.10.38", "fromUser": "tab", "toHost": "192.168.10.38", "toUser": "111", "sipTag": "3nXkobrLl", "sipCallID": "qEIYdnbhSj", "jitterBuf": false, "sipRule": "SDR_kwc9zVFyZfYU", "room": "my-room", "participant": "sip_tab", "participantName": "Phone tab", "status": 486, "reason": "removed"}
2025-10-01T17:44:12.754+0200    INFO    sip     sip/inbound.go:1025     call statistics {"nodeID": "NE_8oNA42Bqdjbp", "callID": "SCL_quweNj99iKJQ", "fromIP": "192.168.10.38", "toIP": "192.168.10.38:5060", "transport": "udp", "fromHost": "192.168.10.38", "fromUser": "tab", "toHost": "192.168.10.38", "toUser": "111", "sipTag": "3nXkobrLl", "sipCallID": "qEIYdnbhSj", "jitterBuf": false, "sipRule": "SDR_kwc9zVFyZfYU", "room": "my-room", "participant": "sip_tab", "participantName": "Phone tab", "status": 486, "reason": "removed", "stats": {"port":{"streams":3,"packets":343,"packets_ignored":0,"packets_input":343,"mux_packets":343,"mux_bytes":54576,"audio_packets":341,"audio_bytes":54560,"dtmf_packets":0,"dtmf_bytes":0},"room":{"input_packets":396,"input_bytes":44321,"mixer_samples":380160,"mixer_frames":396,"output_samples":384960,"output_frames":401},"mixer":{"tracks":0,"tracks_total":1,"restarts":0,"mixes":401,"mixes_timed":383,"mixes_jump":18,"mixes_zero":10,"input_samples":380160,"input_frames":396,"mixed_samples":375360,"mixed_frames":391,"output_samples":384960,"output_frames":401}}}
2025-10-01T17:44:12.754+0200    INFO    sip     service/service.go:258  SIP call ended  {"nodeID": "NE_8oNA42Bqdjbp", "callID": "SCL_quweNj99iKJQ", "reason": "removed"}
2025-10-01T17:44:12.757+0200    DEBUG   Server transaction terminating  {"nodeID": "NE_8oNA42Bqdjbp", "caller": "transaction.Layer"}
2025-10-01T17:44:12.757+0200    DEBUG   Server transaction destroyed    {"nodeID": "NE_8oNA42Bqdjbp", "caller": "transaction.Layer", "tx": "z9hG4bK7ba6.f59d17de150680428879b3e57bbef784.0__192.168.10.38__5060__INVITE"}
2025-10-01T17:44:12.761+0200    DEBUG   sip     v2@v2.11.1/engine.go:388        local ICE candidate     {"nodeID": "NE_8oNA42Bqdjbp", "callID": "SCL_gU2Jb4VWW9Vd", "fromIP": "192.168.10.43", "toIP": "192.168.10.39:5080", "transport": "udp", "fromHost": "192.168.10.38", "fromUser": "tab", "toHost": "192.168.10.38", "toUser": "111", "sipTag": "3nXkobrLl", "sipCallID": "qEIYdnbhSj", "transport": "PUBLISHER", "candidate": "candidate:1950595304 1 udp 1694498815 86.204.171.36 58482 typ srflx raddr 0.0.0.0 rport 58482 ufrag mzOJXNAhPNnlrici"}
2025-10-01T17:44:12.761+0200    DEBUG   sip     v2@v2.11.1/engine.go:388        local ICE candidate     {"nodeID": "NE_8oNA42Bqdjbp", "callID": "SCL_gU2Jb4VWW9Vd", "fromIP": "192.168.10.43", "toIP": "192.168.10.39:5080", "transport": "udp", "fromHost": "192.168.10.38", "fromUser": "tab", "toHost": "192.168.10.38", "toUser": "111", "sipTag": "3nXkobrLl", "sipCallID": "qEIYdnbhSj", "transport": "PUBLISHER", "candidate": "candidate:1950595304 1 udp 1694498815 86.204.171.36 51355 typ srflx raddr 0.0.0.0 rport 51355 ufrag mzOJXNAhPNnlrici"}
2025-10-01T17:44:12.762+0200    DEBUG   sip     v2@v2.11.1/transport.go:433     starting to negotiate   {"nodeID": "NE_8oNA42Bqdjbp", "callID": "SCL_gU2Jb4VWW9Vd", "fromIP": "192.168.10.43", "toIP": "192.168.10.39:5080", "transport": "udp", "fromHost": "192.168.10.38", "fromUser": "tab", "toHost": "192.168.10.38", "toUser": "111", "sipTag": "3nXkobrLl", "sipCallID": "qEIYdnbhSj", "transport": "PUBLISHER"}
2025-10-01T17:44:12.762+0200    DEBUG   sip     v2@v2.11.1/transport.go:435     create offer    {"nodeID": "NE_8oNA42Bqdjbp", "callID": "SCL_gU2Jb4VWW9Vd", "fromIP": "192.168.10.43", "toIP": "192.168.10.39:5080", "transport": "udp", "fromHost": "192.168.10.38", "fromUser": "tab", "toHost": "192.168.10.38", "toUser": "111", "sipTag": "3nXkobrLl", "sipCallID": "qEIYdnbhSj", "transport": "PUBLISHER", "offer": "v=0\r\no=- 2659646516559107753 1759333453 IN IP4 0.0.0.0\r\ns=-\r\nt=0 0\r\na=msid-semantic:WMS *\r\na=fingerprint:sha-256 79:11:B9:C9:3A:56:DF:97:19:7C:D5:53:E1:B1:98:EA:39:6C:F2:C1:C5:98:92:9C:CC:26:7E:52:CC:79:E4:1E\r\na=extmap-allow-mixed\r\na=group:BUNDLE 0 1\r\nm=application 9 UDP/DTLS/SCTP webrtc-datachannel\r\nc=IN IP4 0.0.0.0\r\na=setup:actpass\r\na=mid:0\r\na=sendrecv\r\na=sctp-port:5000\r\na=max-message-size:1073741823\r\na=ice-ufrag:mzOJXNAhPNnlrici\r\na=ice-pwd:mzvUyzAvCQtLmPSxOvoOLmqHxNRQuCJf\r\na=candidate:1331543140 1 udp 2130706431 192.168.10.39 35608 typ host ufrag mzOJXNAhPNnlrici\r\na=candidate:1331543140 2 udp 2130706431 192.168.10.39 35608 typ host ufrag mzOJXNAhPNnlrici\r\na=candidate:1916638676 1 udp 2130706431 192.168.10.38 56048 typ host ufrag mzOJXNAhPNnlrici\r\na=candidate:1916638676 2 udp 2130706431 192.168.10.38 56048 typ host ufrag mzOJXNAhPNnlrici\r\na=candidate:3528925834 1 udp 2130706431 172.18.0.1 36074 typ host ufrag mzOJXNAhPNnlrici\r\na=candidate:3528925834 2 udp 2130706431 172.18.0.1 36074 typ host ufrag mzOJXNAhPNnlrici\r\na=candidate:233762139 1 udp 2130706431 172.17.0.1 53450 typ host ufrag mzOJXNAhPNnlrici\r\na=candidate:233762139 2 udp 2130706431 172.17.0.1 53450 typ host ufrag mzOJXNAhPNnlrici\r\na=candidate:1950595304 1 udp 1694498815 86.204.171.36 58482 typ srflx raddr 0.0.0.0 rport 58482 ufrag mzOJXNAhPNnlrici\r\na=candidate:1950595304 2 udp 1694498815 86.204.171.36 58482 typ srflx raddr 0.0.0.0 rport 58482 ufrag mzOJXNAhPNnlrici\r\na=candidate:1950595304 1 udp 1694498815 86.204.171.36 51355 typ srflx raddr 0.0.0.0 rport 51355 ufrag mzOJXNAhPNnlrici\r\na=candidate:1950595304 2 udp 1694498815 86.204.171.36 51355 typ srflx raddr 0.0.0.0 rport 51355 ufrag mzOJXNAhPNnlrici\r\nm=audio 9 UDP/TLS/RTP/SAVPF 111 9 0 8\r\nc=IN IP4 0.0.0.0\r\na=setup:actpass\r\na=mid:1\r\na=ice-ufrag:mzOJXNAhPNnlrici\r\na=ice-pwd:mzvUyzAvCQtLmPSxOvoOLmqHxNRQuCJf\r\na=rtcp-mux\r\na=rtcp-rsize\r\na=rtpmap:111 opus/48000/2\r\na=fmtp:111 minptime=10;useinbandfec=1\r\na=rtcp-fb:111 transport-cc \r\na=rtpmap:9 G722/8000\r\na=rtcp-fb:9 transport-cc \r\na=rtpmap:0 PCMU/8000\r\na=rtcp-fb:0 transport-cc \r\na=rtpmap:8 PCMA/8000\r\na=rtcp-fb:8 transport-cc \r\na=extmap:1 urn:ietf:params:rtp-hdrext:ssrc-audio-level\r\na=extmap:4 http://www.ietf.org/id/draft-holmer-rmcat-transport-wide-cc-extensions-01\r\na=ssrc:1894191018 cname:pion\r\na=ssrc:1894191018 msid:pion audio\r\na=ssrc:1894191018 mslabel:pion\r\na=ssrc:1894191018 label:audio\r\na=msid:pion audio\r\na=sendrecv\r\n"}
2025-10-01T17:44:12.764+0200    DEBUG   sip     v2@v2.11.1/engine.go:1267       successfully set publisher answer       {"nodeID": "NE_8oNA42Bqdjbp", "callID": "SCL_gU2Jb4VWW9Vd", "fromIP": "192.168.10.43", "toIP": "192.168.10.39:5080", "transport": "udp", "fromHost": "192.168.10.38", "fromUser": "tab", "toHost": "192.168.10.38", "toUser": "111", "sipTag": "3nXkobrLl", "sipCallID": "qEIYdnbhSj"}
2025-10-01T17:44:12.764+0200    DEBUG   sip     v2@v2.11.1/engine.go:1291       remote ICE candidate    {"nodeID": "NE_8oNA42Bqdjbp", "callID": "SCL_gU2Jb4VWW9Vd", "fromIP": "192.168.10.43", "toIP": "192.168.10.39:5080", "transport": "udp", "fromHost": "192.168.10.38", "fromUser": "tab", "toHost": "192.168.10.38", "toUser": "111", "sipTag": "3nXkobrLl", "sipCallID": "qEIYdnbhSj", "target": "PUBLISHER", "candidate": "candidate:2806307866 1 tcp 1671430143 172.18.0.4 7881 typ host tcptype passive ufrag aggzMGepMFXcSiOS"}
2025-10-01T17:44:12.765+0200    DEBUG   sip     v2@v2.11.1/engine.go:1291       remote ICE candidate    {"nodeID": "NE_8oNA42Bqdjbp", "callID": "SCL_gU2Jb4VWW9Vd", "fromIP": "192.168.10.43", "toIP": "192.168.10.39:5080", "transport": "udp", "fromHost": "192.168.10.38", "fromUser": "tab", "toHost": "192.168.10.38", "toUser": "111", "sipTag": "3nXkobrLl", "sipCallID": "qEIYdnbhSj", "target": "PUBLISHER", "candidate": "candidate:1950595304 1 udp 1694498815 86.204.171.36 44103 typ srflx raddr 0.0.0.0 rport 44103 ufrag aggzMGepMFXcSiOS"}
2025-10-01T17:44:12.766+0200    DEBUG   sip     v2@v2.11.1/engine.go:388        local ICE candidate     {"nodeID": "NE_8oNA42Bqdjbp", "callID": "SCL_gU2Jb4VWW9Vd", "fromIP": "192.168.10.43", "toIP": "192.168.10.39:5080", "transport": "udp", "fromHost": "192.168.10.38", "fromUser": "tab", "toHost": "192.168.10.38", "toUser": "111", "sipTag": "3nXkobrLl", "sipCallID": "qEIYdnbhSj", "transport": "PUBLISHER", "candidate": "candidate:1950595304 1 udp 1694498815 86.204.171.36 53643 typ srflx raddr 0.0.0.0 rport 53643 ufrag mzOJXNAhPNnlrici"}
2025-10-01T17:44:12.769+0200    DEBUG   sip     v2@v2.11.1/engine.go:1291       remote ICE candidate    {"nodeID": "NE_8oNA42Bqdjbp", "callID": "SCL_gU2Jb4VWW9Vd", "fromIP": "192.168.10.43", "toIP": "192.168.10.39:5080", "transport": "udp", "fromHost": "192.168.10.38", "fromUser": "tab", "toHost": "192.168.10.38", "toUser": "111", "sipTag": "3nXkobrLl", "sipCallID": "qEIYdnbhSj", "target": "PUBLISHER", "candidate": "candidate:1950595304 1 udp 1694498815 86.204.171.36 48591 typ srflx raddr 0.0.0.0 rport 48591 ufrag aggzMGepMFXcSiOS"}
2025-10-01T17:44:12.769+0200    DEBUG   sip     v2@v2.11.1/engine.go:1291       remote ICE candidate    {"nodeID": "NE_8oNA42Bqdjbp", "callID": "SCL_gU2Jb4VWW9Vd", "fromIP": "192.168.10.43", "toIP": "192.168.10.39:5080", "transport": "udp", "fromHost": "192.168.10.38", "fromUser": "tab", "toHost": "192.168.10.38", "toUser": "111", "sipTag": "3nXkobrLl", "sipCallID": "qEIYdnbhSj", "target": "PUBLISHER", "candidate": "candidate:1950595304 1 udp 1694498815 86.204.171.36 52985 typ srflx raddr 0.0.0.0 rport 52985 ufrag aggzMGepMFXcSiOS"}
2025-10-01T17:44:12.895+0200    DEBUG   sip     v2@v2.11.1/engine.go:1277       received offer for subscriber   {"nodeID": "NE_8oNA42Bqdjbp", "callID": "SCL_gU2Jb4VWW9Vd", "fromIP": "192.168.10.43", "toIP": "192.168.10.39:5080", "transport": "udp", "fromHost": "192.168.10.38", "fromUser": "tab", "toHost": "192.168.10.38", "toUser": "111", "sipTag": "3nXkobrLl", "sipCallID": "qEIYdnbhSj"}
2025-10-01T17:44:12.903+0200    INFO    sip     v2@v2.11.1/remoteparticipant.go:121     track subscribed        {"nodeID": "NE_8oNA42Bqdjbp", "callID": "SCL_gU2Jb4VWW9Vd", "fromIP": "192.168.10.43", "toIP": "192.168.10.39:5080", "transport": "udp", "fromHost": "192.168.10.38", "fromUser": "tab", "toHost": "192.168.10.38", "toUser": "111", "sipTag": "3nXkobrLl", "sipCallID": "qEIYdnbhSj", "participant": "max__60oo", "trackID": "TR_AMfVNu73JUP4X6", "kind": "audio"}
2025-10-01T17:44:12.903+0200    INFO    sip     sip/room.go:220 mixing track    {"nodeID": "NE_8oNA42Bqdjbp", "callID": "SCL_gU2Jb4VWW9Vd", "fromIP": "192.168.10.43", "toIP": "192.168.10.39:5080", "transport": "udp", "fromHost": "192.168.10.38", "fromUser": "tab", "toHost": "192.168.10.38", "toUser": "111", "sipTag": "3nXkobrLl", "sipCallID": "qEIYdnbhSj", "participant": "max__60oo", "pID": "PA_7qwD7syNWsz6", "trackID": "TR_AMfVNu73JUP4X6", "trackName": "", "kind": "audio", "room": "my-room", "roomID": "RM_BXtbtdMJ3Cps"}
2025-10-01T17:44:12.917+0200    INFO    sip     v2@v2.11.1/remoteparticipant.go:121     track subscribed        {"nodeID": "NE_8oNA42Bqdjbp", "callID": "SCL_gU2Jb4VWW9Vd", "fromIP": "192.168.10.43", "toIP": "192.168.10.39:5080", "transport": "udp", "fromHost": "192.168.10.38", "fromUser": "tab", "toHost": "192.168.10.38", "toUser": "111", "sipTag": "3nXkobrLl", "sipCallID": "qEIYdnbhSj", "participant": "max__60oo", "trackID": "TR_VCrk4ZCinL3XAt", "kind": "video"}
2025-10-01T17:44:12.917+0200    INFO    sip     sip/room.go:220 mixing track    {"nodeID": "NE_8oNA42Bqdjbp", "callID": "SCL_gU2Jb4VWW9Vd", "fromIP": "192.168.10.43", "toIP": "192.168.10.39:5080", "transport": "udp", "fromHost": "192.168.10.38", "fromUser": "tab", "toHost": "192.168.10.38", "toUser": "111", "sipTag": "3nXkobrLl", "sipCallID": "qEIYdnbhSj", "participant": "max__60oo", "pID": "PA_7qwD7syNWsz6", "trackID": "TR_VCrk4ZCinL3XAt", "trackName": "", "kind": "video", "room": "my-room", "roomID": "RM_BXtbtdMJ3Cps"}
2025-10-01T17:44:12.917+0200    DEBUG   sip     sip/room.go:477 no video output set, ignoring video track       {"nodeID": "NE_8oNA42Bqdjbp", "callID": "SCL_gU2Jb4VWW9Vd", "fromIP": "192.168.10.43", "toIP": "192.168.10.39:5080", "transport": "udp", "fromHost": "192.168.10.38", "fromUser": "tab", "toHost": "192.168.10.38", "toUser": "111", "sipTag": "3nXkobrLl", "sipCallID": "qEIYdnbhSj", "participant": "max__60oo", "pID": "PA_7qwD7syNWsz6", "trackID": "TR_VCrk4ZCinL3XAt", "trackName": "", "room": "my-room", "roomID": "RM_BXtbtdMJ3Cps"}
2025-10-01T17:44:13.775+0200    DEBUG   sip     v2@v2.11.1/engine.go:517        ICE connected   {"nodeID": "NE_8oNA42Bqdjbp", "callID": "SCL_gU2Jb4VWW9Vd", "fromIP": "192.168.10.43", "toIP": "192.168.10.39:5080", "transport": "udp", "fromHost": "192.168.10.38", "fromUser": "tab", "toHost": "192.168.10.38", "toUser": "111", "sipTag": "3nXkobrLl", "sipCallID": "qEIYdnbhSj", "transport": "PUBLISHER", "iceCandidatePair": "(local) udp4 host 192.168.10.39:35608 (resolved: 192.168.10.39:35608) <-> (remote) udp4 prflx 172.18.0.4:7882 related :0 (resolved: 172.18.0.4:7882)"}
2025-10-01T17:44:14.495+0200    INFO    sip     sip/media_port.go:266   media timeout enabled   {"nodeID": "NE_8oNA42Bqdjbp", "callID": "SCL_gU2Jb4VWW9Vd", "fromIP": "192.168.10.43", "toIP": "192.168.10.39:5080", "transport": "udp", "fromHost": "192.168.10.38", "fromUser": "tab", "toHost": "192.168.10.38", "toUser": "111", "sipTag": "3nXkobrLl", "sipCallID": "qEIYdnbhSj", "jitterBuf": false, "sipRule": "SDR_kwc9zVFyZfYU", "packets": 0, "initial": "30s", "timeout": "15s"}